Archive member included to satisfy reference by file (symbol)

E:/Arm_GNU_ToolChain/13.2 Rel1/bin/../lib/gcc/arm-none-eabi/13.2.1/thumb/v7e-m+fp/hard\libgcc.a(_aeabi_uldivmod.o)
                              CMakeFiles/test_project.elf.dir/Drivers/STM32F4xx_HAL_Driver/Src/stm32f4xx_hal_rcc.c.obj (__aeabi_uldivmod)
E:/Arm_GNU_ToolChain/13.2 Rel1/bin/../lib/gcc/arm-none-eabi/13.2.1/thumb/v7e-m+fp/hard\libgcc.a(_udivmoddi4.o)
                              E:/Arm_GNU_ToolChain/13.2 Rel1/bin/../lib/gcc/arm-none-eabi/13.2.1/thumb/v7e-m+fp/hard\libgcc.a(_aeabi_uldivmod.o) (__udivmoddi4)
E:/Arm_GNU_ToolChain/13.2 Rel1/bin/../lib/gcc/arm-none-eabi/13.2.1/thumb/v7e-m+fp/hard\libgcc.a(_dvmd_tls.o)
                              E:/Arm_GNU_ToolChain/13.2 Rel1/bin/../lib/gcc/arm-none-eabi/13.2.1/thumb/v7e-m+fp/hard\libgcc.a(_aeabi_uldivmod.o) (__aeabi_ldiv0)
E:/Arm_GNU_ToolChain/13.2 Rel1/bin/../lib/gcc/arm-none-eabi/13.2.1/thumb/v7e-m+fp/hard\libg.a(libc_a-exit.o)
                              E:/Arm_GNU_ToolChain/13.2 Rel1/bin/../lib/gcc/arm-none-eabi/13.2.1/thumb/v7e-m+fp/hard/crt0.o (exit)
E:/Arm_GNU_ToolChain/13.2 Rel1/bin/../lib/gcc/arm-none-eabi/13.2.1/thumb/v7e-m+fp/hard\libg.a(libc_a-findfp.o)
                              E:/Arm_GNU_ToolChain/13.2 Rel1/bin/../lib/gcc/arm-none-eabi/13.2.1/thumb/v7e-m+fp/hard\libg.a(libc_a-exit.o) (__stdio_exit_handler)
E:/Arm_GNU_ToolChain/13.2 Rel1/bin/../lib/gcc/arm-none-eabi/13.2.1/thumb/v7e-m+fp/hard\libg.a(libc_a-fwalk.o)
                              E:/Arm_GNU_ToolChain/13.2 Rel1/bin/../lib/gcc/arm-none-eabi/13.2.1/thumb/v7e-m+fp/hard\libg.a(libc_a-findfp.o) (_fwalk_sglue)
E:/Arm_GNU_ToolChain/13.2 Rel1/bin/../lib/gcc/arm-none-eabi/13.2.1/thumb/v7e-m+fp/hard\libg.a(libc_a-stdio.o)
                              E:/Arm_GNU_ToolChain/13.2 Rel1/bin/../lib/gcc/arm-none-eabi/13.2.1/thumb/v7e-m+fp/hard\libg.a(libc_a-findfp.o) (__sread)
E:/Arm_GNU_ToolChain/13.2 Rel1/bin/../lib/gcc/arm-none-eabi/13.2.1/thumb/v7e-m+fp/hard\libg.a(libc_a-memset.o)
                              E:/Arm_GNU_ToolChain/13.2 Rel1/bin/../lib/gcc/arm-none-eabi/13.2.1/thumb/v7e-m+fp/hard/crt0.o (memset)
E:/Arm_GNU_ToolChain/13.2 Rel1/bin/../lib/gcc/arm-none-eabi/13.2.1/thumb/v7e-m+fp/hard\libg.a(libc_a-closer.o)
                              E:/Arm_GNU_ToolChain/13.2 Rel1/bin/../lib/gcc/arm-none-eabi/13.2.1/thumb/v7e-m+fp/hard\libg.a(libc_a-stdio.o) (_close_r)
E:/Arm_GNU_ToolChain/13.2 Rel1/bin/../lib/gcc/arm-none-eabi/13.2.1/thumb/v7e-m+fp/hard\libg.a(libc_a-reent.o)
                              E:/Arm_GNU_ToolChain/13.2 Rel1/bin/../lib/gcc/arm-none-eabi/13.2.1/thumb/v7e-m+fp/hard\libg.a(libc_a-closer.o) (errno)
E:/Arm_GNU_ToolChain/13.2 Rel1/bin/../lib/gcc/arm-none-eabi/13.2.1/thumb/v7e-m+fp/hard\libg.a(libc_a-impure.o)
                              E:/Arm_GNU_ToolChain/13.2 Rel1/bin/../lib/gcc/arm-none-eabi/13.2.1/thumb/v7e-m+fp/hard\libg.a(libc_a-reent.o) (_impure_ptr)
E:/Arm_GNU_ToolChain/13.2 Rel1/bin/../lib/gcc/arm-none-eabi/13.2.1/thumb/v7e-m+fp/hard\libg.a(libc_a-lseekr.o)
                              E:/Arm_GNU_ToolChain/13.2 Rel1/bin/../lib/gcc/arm-none-eabi/13.2.1/thumb/v7e-m+fp/hard\libg.a(libc_a-stdio.o) (_lseek_r)
E:/Arm_GNU_ToolChain/13.2 Rel1/bin/../lib/gcc/arm-none-eabi/13.2.1/thumb/v7e-m+fp/hard\libg.a(libc_a-readr.o)
                              E:/Arm_GNU_ToolChain/13.2 Rel1/bin/../lib/gcc/arm-none-eabi/13.2.1/thumb/v7e-m+fp/hard\libg.a(libc_a-stdio.o) (_read_r)
E:/Arm_GNU_ToolChain/13.2 Rel1/bin/../lib/gcc/arm-none-eabi/13.2.1/thumb/v7e-m+fp/hard\libg.a(libc_a-writer.o)
                              E:/Arm_GNU_ToolChain/13.2 Rel1/bin/../lib/gcc/arm-none-eabi/13.2.1/thumb/v7e-m+fp/hard\libg.a(libc_a-stdio.o) (_write_r)
E:/Arm_GNU_ToolChain/13.2 Rel1/bin/../lib/gcc/arm-none-eabi/13.2.1/thumb/v7e-m+fp/hard\libg.a(libc_a-errno.o)
                              CMakeFiles/test_project.elf.dir/Core/Src/syscalls.c.obj (__errno)
E:/Arm_GNU_ToolChain/13.2 Rel1/bin/../lib/gcc/arm-none-eabi/13.2.1/thumb/v7e-m+fp/hard\libg.a(libc_a-init.o)
                              E:/Arm_GNU_ToolChain/13.2 Rel1/bin/../lib/gcc/arm-none-eabi/13.2.1/thumb/v7e-m+fp/hard/crt0.o (__libc_init_array)
E:/Arm_GNU_ToolChain/13.2 Rel1/bin/../lib/gcc/arm-none-eabi/13.2.1/thumb/v7e-m+fp/hard\libg.a(libc_a-lock.o)
                              E:/Arm_GNU_ToolChain/13.2 Rel1/bin/../lib/gcc/arm-none-eabi/13.2.1/thumb/v7e-m+fp/hard\libg.a(libc_a-findfp.o) (__retarget_lock_init_recursive)
E:/Arm_GNU_ToolChain/13.2 Rel1/bin/../lib/gcc/arm-none-eabi/13.2.1/thumb/v7e-m+fp/hard\libg.a(libc_a-__call_atexit.o)
                              E:/Arm_GNU_ToolChain/13.2 Rel1/bin/../lib/gcc/arm-none-eabi/13.2.1/thumb/v7e-m+fp/hard\libg.a(libc_a-exit.o) (__call_exitprocs)
E:/Arm_GNU_ToolChain/13.2 Rel1/bin/../lib/gcc/arm-none-eabi/13.2.1/thumb/v7e-m+fp/hard\libg.a(libc_a-atexit.o)
                              E:/Arm_GNU_ToolChain/13.2 Rel1/bin/../lib/gcc/arm-none-eabi/13.2.1/thumb/v7e-m+fp/hard\libg.a(libc_a-__call_atexit.o) (atexit)
[...]
Memory Configuration

Name             Origin             Length             Attributes
CCMRAM           0x10000000         0x00010000         xrw
RAM              0x20000000         0x00020000         xrw
FLASH            0x08000000         0x00100000         xr
*default*        0x00000000         0xffffffff

Linker script and memory map

LOAD E:/Arm_GNU_ToolChain/13.2 Rel1/bin/../lib/gcc/arm-none-eabi/13.2.1/thumb/v7e-m+fp/hard/crti.o
LOAD E:/Arm_GNU_ToolChain/13.2 Rel1/bin/../lib/gcc/arm-none-eabi/13.2.1/thumb/v7e-m+fp/hard/crtbegin.o
LOAD E:/Arm_GNU_ToolChain/13.2 Rel1/bin/../lib/gcc/arm-none-eabi/13.2.1/thumb/v7e-m+fp/hard/crt0.o
LOAD CMakeFiles/test_project.elf.dir/Core/Src/can.c.obj
LOAD CMakeFiles/test_project.elf.dir/Core/Src/gpio.c.obj
LOAD CMakeFiles/test_project.elf.dir/Core/Src/main.c.obj
LOAD CMakeFiles/test_project.elf.dir/Core/Src/stm32f4xx_hal_msp.c.obj
LOAD CMakeFiles/test_project.elf.dir/Core/Src/stm32f4xx_it.c.obj
LOAD CMakeFiles/test_project.elf.dir/Core/Src/syscalls.c.obj
LOAD CMakeFiles/test_project.elf.dir/Core/Src/sysmem.c.obj
LOAD CMakeFiles/test_project.elf.dir/Core/Src/system_stm32f4xx.c.obj
LOAD CMakeFiles/test_project.elf.dir/Core/Src/tim.c.obj
LOAD CMakeFiles/test_project.elf.dir/Core/Src/usart.c.obj
LOAD CMakeFiles/test_project.elf.dir/Core/Startup/startup_stm32f407zgtx.s.obj
LOAD CMakeFiles/test_project.elf.dir/Drivers/STM32F4xx_HAL_Driver/Src/stm32f4xx_hal.c.obj
LOAD CMakeFiles/test_project.elf.dir/Drivers/STM32F4xx_HAL_Driver/Src/stm32f4xx_hal_can.c.obj
LOAD CMakeFiles/test_project.elf.dir/Drivers/STM32F4xx_HAL_Driver/Src/stm32f4xx_hal_cortex.c.obj
LOAD CMakeFiles/test_project.elf.dir/Drivers/STM32F4xx_HAL_Driver/Src/stm32f4xx_hal_dma.c.obj
LOAD CMakeFiles/test_project.elf.dir/Drivers/STM32F4xx_HAL_Driver/Src/stm32f4xx_hal_dma_ex.c.obj
LOAD CMakeFiles/test_project.elf.dir/Drivers/STM32F4xx_HAL_Driver/Src/stm32f4xx_hal_exti.c.obj
LOAD CMakeFiles/test_project.elf.dir/Drivers/STM32F4xx_HAL_Driver/Src/stm32f4xx_hal_flash.c.obj
LOAD CMakeFiles/test_project.elf.dir/Drivers/STM32F4xx_HAL_Driver/Src/stm32f4xx_hal_flash_ex.c.obj
LOAD CMakeFiles/test_project.elf.dir/Drivers/STM32F4xx_HAL_Driver/Src/stm32f4xx_hal_flash_ramfunc.c.obj
LOAD CMakeFiles/test_project.elf.dir/Drivers/STM32F4xx_HAL_Driver/Src/stm32f4xx_hal_gpio.c.obj
LOAD CMakeFiles/test_project.elf.dir/Drivers/STM32F4xx_HAL_Driver/Src/stm32f4xx_hal_pwr.c.obj
LOAD CMakeFiles/test_project.elf.dir/Drivers/STM32F4xx_HAL_Driver/Src/stm32f4xx_hal_pwr_ex.c.obj
LOAD CMakeFiles/test_project.elf.dir/Drivers/STM32F4xx_HAL_Driver/Src/stm32f4xx_hal_rcc.c.obj
LOAD CMakeFiles/test_project.elf.dir/Drivers/STM32F4xx_HAL_Driver/Src/stm32f4xx_hal_rcc_ex.c.obj
LOAD CMakeFiles/test_project.elf.dir/Drivers/STM32F4xx_HAL_Driver/Src/stm32f4xx_hal_tim.c.obj
LOAD CMakeFiles/test_project.elf.dir/Drivers/STM32F4xx_HAL_Driver/Src/stm32f4xx_hal_tim_ex.c.obj
LOAD CMakeFiles/test_project.elf.dir/Drivers/STM32F4xx_HAL_Driver/Src/stm32f4xx_hal_uart.c.obj
START GROUP
LOAD E:/Arm_GNU_ToolChain/13.2 Rel1/bin/../lib/gcc/arm-none-eabi/13.2.1/thumb/v7e-m+fp/hard\libgcc.a
LOAD E:/Arm_GNU_ToolChain/13.2 Rel1/bin/../lib/gcc/arm-none-eabi/13.2.1/thumb/v7e-m+fp/hard\libg.a
LOAD E:/Arm_GNU_ToolChain/13.2 Rel1/bin/../lib/gcc/arm-none-eabi/13.2.1/thumb/v7e-m+fp/hard\libc.a
END GROUP
LOAD E:/Arm_GNU_ToolChain/13.2 Rel1/bin/../lib/gcc/arm-none-eabi/13.2.1/thumb/v7e-m+fp/hard/crtend.o
LOAD E:/Arm_GNU_ToolChain/13.2 Rel1/bin/../lib/gcc/arm-none-eabi/13.2.1/thumb/v7e-m+fp/hard/crtn.o
                0x20020000                        _estack = (ORIGIN (RAM) + LENGTH (RAM))
                0x00000200                        _Min_Heap_Size = 0x200
                0x00000400                        _Min_Stack_Size = 0x400

.isr_vector     0x08000000      0x188
                0x08000000                        . = ALIGN (0x4)
 *(.isr_vector)
 .isr_vector    0x08000000      0x188 CMakeFiles/test_project.elf.dir/Core/Startup/startup_stm32f407zgtx.s.obj
                0x08000000                g_pfnVectors
                0x08000188                        . = ALIGN (0x4)

.text           0x08000188     0x26d8
                0x08000188                        . = ALIGN (0x4)
 *(.text)
 .text          0x08000188       0x30 E:/Arm_GNU_ToolChain/13.2 Rel1/bin/../lib/gcc/arm-none-eabi/13.2.1/thumb/v7e-m+fp/hard\libgcc.a(_aeabi_uldivmod.o)
                0x08000188                __aeabi_uldivmod
 .text          0x080001b8        0x4 E:/Arm_GNU_ToolChain/13.2 Rel1/bin/../lib/gcc/arm-none-eabi/13.2.1/thumb/v7e-m+fp/hard\libgcc.a(_dvmd_tls.o)
                0x080001b8                __aeabi_idiv0
                0x080001b8                __aeabi_ldiv0
 *(.text*)
 .text.deregister_tm_clones
                0x080001bc       0x1c E:/Arm_GNU_ToolChain/13.2 Rel1/bin/../lib/gcc/arm-none-eabi/13.2.1/thumb/v7e-m+fp/hard/crtbegin.o
 .text.register_tm_clones
                0x080001d8       0x24 E:/Arm_GNU_ToolChain/13.2 Rel1/bin/../lib/gcc/arm-none-eabi/13.2.1/thumb/v7e-m+fp/hard/crtbegin.o
 .text.__do_global_dtors_aux
                0x080001fc       0x28 E:/Arm_GNU_ToolChain/13.2 Rel1/bin/../lib/gcc/arm-none-eabi/13.2.1/thumb/v7e-m+fp/hard/crtbegin.o
 .text.frame_dummy
                0x08000224       0x24 E:/Arm_GNU_ToolChain/13.2 Rel1/bin/../lib/gcc/arm-none-eabi/13.2.1/thumb/v7e-m+fp/hard/crtbegin.o
 .text.MX_CAN2_Init
                0x08000248       0x44 CMakeFiles/test_project.elf.dir/Core/Src/can.c.obj
                0x08000248                MX_CAN2_Init
 .text.HAL_CAN_MspInit
                0x0800028c       0xb4 CMakeFiles/test_project.elf.dir/Core/Src/can.c.obj
                0x0800028c                HAL_CAN_MspInit
 .text.CAN_Filter_Init
                0x08000340       0x42 CMakeFiles/test_project.elf.dir/Core/Src/can.c.obj
                0x08000340                CAN_Filter_Init
 .text.Set_moto_current
                0x08000382       0x58 CMakeFiles/test_project.elf.dir/Core/Src/can.c.obj
                0x08000382                Set_moto_current
 *fill*         0x080003da        0x2 
 .text.MX_GPIO_Init
                0x080003dc       0xa4 CMakeFiles/test_project.elf.dir/Core/Src/gpio.c.obj
                0x080003dc                MX_GPIO_Init
 .text.Error_Handler
                0x08000480        0x4 CMakeFiles/test_project.elf.dir/Core/Src/main.c.obj
                0x08000480                Error_Handler
 .text.SystemClock_Config
                0x08000484       0xa8 CMakeFiles/test_project.elf.dir/Core/Src/main.c.obj
                0x08000484                SystemClock_Config
 .text.main     0x0800052c       0xa8 CMakeFiles/test_project.elf.dir/Core/Src/main.c.obj
                0x0800052c                main
 .text.HAL_MspInit
                0x080005d4       0x38 CMakeFiles/test_project.elf.dir/Core/Src/stm32f4xx_hal_msp.c.obj
                0x080005d4                HAL_MspInit
 .text.NMI_Handler
                0x0800060c        0x2 CMakeFiles/test_project.elf.dir/Core/Src/stm32f4xx_it.c.obj
                0x0800060c                NMI_Handler
 .text.HardFault_Handler
                0x0800060e        0x2 CMakeFiles/test_project.elf.dir/Core/Src/stm32f4xx_it.c.obj
                0x0800060e                HardFault_Handler
 .text.MemManage_Handler
                0x08000610        0x2 CMakeFiles/test_project.elf.dir/Core/Src/stm32f4xx_it.c.obj
                0x08000610                MemManage_Handler
 .text.BusFault_Handler
                0x08000612        0x2 CMakeFiles/test_project.elf.dir/Core/Src/stm32f4xx_it.c.obj
                0x08000612                BusFault_Handler
 .text.UsageFault_Handler
                0x08000614        0x2 CMakeFiles/test_project.elf.dir/Core/Src/stm32f4xx_it.c.obj
                0x08000614                UsageFault_Handler
 .text.SVC_Handler
                0x08000616        0x2 CMakeFiles/test_project.elf.dir/Core/Src/stm32f4xx_it.c.obj
                0x08000616                SVC_Handler
 .text.DebugMon_Handler
                0x08000618        0x2 CMakeFiles/test_project.elf.dir/Core/Src/stm32f4xx_it.c.obj
                0x08000618                DebugMon_Handler
 .text.PendSV_Handler
                0x0800061a        0x2 CMakeFiles/test_project.elf.dir/Core/Src/stm32f4xx_it.c.obj
                0x0800061a                PendSV_Handler
 .text.SysTick_Handler
                0x0800061c        0x8 CMakeFiles/test_project.elf.dir/Core/Src/stm32f4xx_it.c.obj
                0x0800061c                SysTick_Handler
 .text.CAN2_TX_IRQHandler
                0x08000624       0x10 CMakeFiles/test_project.elf.dir/Core/Src/stm32f4xx_it.c.obj
                0x08000624                CAN2_TX_IRQHandler
 .text.CAN2_RX0_IRQHandler
                0x08000634       0x10 CMakeFiles/test_project.elf.dir/Core/Src/stm32f4xx_it.c.obj
                0x08000634                CAN2_RX0_IRQHandler
 .text.CAN2_RX1_IRQHandler
                0x08000644       0x10 CMakeFiles/test_project.elf.dir/Core/Src/stm32f4xx_it.c.obj
                0x08000644                CAN2_RX1_IRQHandler
 .text.SystemInit
                0x08000654       0x14 CMakeFiles/test_project.elf.dir/Core/Src/system_stm32f4xx.c.obj
                0x08000654                SystemInit
 .text.HAL_TIM_Base_MspInit
                0x08000668       0x30 CMakeFiles/test_project.elf.dir/Core/Src/tim.c.obj
                0x08000668                HAL_TIM_Base_MspInit
 .text.HAL_TIM_PWM_MspInit
                0x08000698       0x30 CMakeFiles/test_project.elf.dir/Core/Src/tim.c.obj
                0x08000698                HAL_TIM_PWM_MspInit
 .text.HAL_TIM_MspPostInit
                0x080006c8       0x8c CMakeFiles/test_project.elf.dir/Core/Src/tim.c.obj
                0x080006c8                HAL_TIM_MspPostInit
 .text.MX_TIM3_Init
                0x08000754       0xb4 CMakeFiles/test_project.elf.dir/Core/Src/tim.c.obj
                0x08000754                MX_TIM3_Init
 .text.MX_TIM4_Init
                0x08000808       0x88 CMakeFiles/test_project.elf.dir/Core/Src/tim.c.obj
                0x08000808                MX_TIM4_Init
 .text.MX_USART1_UART_Init
                0x08000890       0x34 CMakeFiles/test_project.elf.dir/Core/Src/usart.c.obj
                0x08000890                MX_USART1_UART_Init
 .text.MX_USART2_UART_Init
                0x080008c4       0x34 CMakeFiles/test_project.elf.dir/Core/Src/usart.c.obj
                0x080008c4                MX_USART2_UART_Init
 .text.MX_USART6_UART_Init
                0x080008f8       0x34 CMakeFiles/test_project.elf.dir/Core/Src/usart.c.obj
                0x080008f8                MX_USART6_UART_Init
 .text.HAL_UART_MspInit
                0x0800092c      0x118 CMakeFiles/test_project.elf.dir/Core/Src/usart.c.obj
                0x0800092c                HAL_UART_MspInit
 .text.Reset_Handler
                0x08000a44       0x50 CMakeFiles/test_project.elf.dir/Core/Startup/startup_stm32f407zgtx.s.obj
                0x08000a44                Reset_Handler
 .text.Default_Handler
                0x08000a94        0x2 CMakeFiles/test_project.elf.dir/Core/Startup/startup_stm32f407zgtx.s.obj
                0x08000a94                RTC_Alarm_IRQHandler
                0x08000a94                HASH_RNG_IRQHandler
                0x08000a94                EXTI2_IRQHandler
                0x08000a94                TIM8_CC_IRQHandler
                0x08000a94                TIM1_CC_IRQHandler
                0x08000a94                DMA2_Stream5_IRQHandler
                0x08000a94                DMA1_Stream5_IRQHandler
                0x08000a94                PVD_IRQHandler
                0x08000a94                SDIO_IRQHandler
                0x08000a94                TAMP_STAMP_IRQHandler
                0x08000a94                EXTI3_IRQHandler
                0x08000a94                TIM8_TRG_COM_TIM14_IRQHandler
                0x08000a94                TIM1_UP_TIM10_IRQHandler
                0x08000a94                TIM8_UP_TIM13_IRQHandler
                0x08000a94                I2C3_ER_IRQHandler
                0x08000a94                EXTI0_IRQHandler
                0x08000a94                I2C2_EV_IRQHandler
                0x08000a94                DMA1_Stream2_IRQHandler
                0x08000a94                CAN1_RX0_IRQHandler
                0x08000a94                FPU_IRQHandler
                0x08000a94                OTG_HS_WKUP_IRQHandler
                0x08000a94                CAN2_SCE_IRQHandler
                0x08000a94                DMA2_Stream2_IRQHandler
                0x08000a94                SPI1_IRQHandler
                0x08000a94                TIM6_DAC_IRQHandler
                0x08000a94                TIM1_BRK_TIM9_IRQHandler
                0x08000a94                DCMI_IRQHandler
                0x08000a94                DMA2_Stream3_IRQHandler
                0x08000a94                USART6_IRQHandler
                0x08000a94                USART3_IRQHandler
                0x08000a94                CAN1_RX1_IRQHandler
                0x08000a94                UART5_IRQHandler
                0x08000a94                DMA2_Stream0_IRQHandler
                0x08000a94                TIM4_IRQHandler
                0x08000a94                I2C1_EV_IRQHandler
                0x08000a94                DMA1_Stream6_IRQHandler
                0x08000a94                DMA1_Stream1_IRQHandler
                0x08000a94                UART4_IRQHandler
                0x08000a94                TIM3_IRQHandler
                0x08000a94                RCC_IRQHandler
                0x08000a94                TIM8_BRK_TIM12_IRQHandler
                0x08000a94                Default_Handler
                0x08000a94                EXTI15_10_IRQHandler
                0x08000a94                ADC_IRQHandler
                0x08000a94                DMA1_Stream7_IRQHandler
                0x08000a94                TIM7_IRQHandler
                0x08000a94                TIM5_IRQHandler
                0x08000a94                DMA2_Stream7_IRQHandler
                0x08000a94                I2C3_EV_IRQHandler
                0x08000a94                EXTI9_5_IRQHandler
                0x08000a94                RTC_WKUP_IRQHandler
                0x08000a94                ETH_WKUP_IRQHandler
                0x08000a94                SPI2_IRQHandler
                0x08000a94                OTG_HS_EP1_IN_IRQHandler
                0x08000a94                DMA1_Stream0_IRQHandler
                0x08000a94                CAN1_TX_IRQHandler
                0x08000a94                EXTI4_IRQHandler
                0x08000a94                FSMC_IRQHandler
                0x08000a94                ETH_IRQHandler
                0x08000a94                OTG_HS_EP1_OUT_IRQHandler
                0x08000a94                WWDG_IRQHandler
                0x08000a94                TIM2_IRQHandler
                0x08000a94                OTG_FS_WKUP_IRQHandler
                0x08000a94                TIM1_TRG_COM_TIM11_IRQHandler
                0x08000a94                OTG_HS_IRQHandler
                0x08000a94                EXTI1_IRQHandler
                0x08000a94                USART2_IRQHandler
                0x08000a94                I2C2_ER_IRQHandler
                0x08000a94                DMA2_Stream1_IRQHandler
                0x08000a94                CAN1_SCE_IRQHandler
                0x08000a94                FLASH_IRQHandler
                0x08000a94                DMA2_Stream4_IRQHandler
                0x08000a94                USART1_IRQHandler
                0x08000a94                OTG_FS_IRQHandler
                0x08000a94                SPI3_IRQHandler
                0x08000a94                DMA1_Stream4_IRQHandler
                0x08000a94                I2C1_ER_IRQHandler
                0x08000a94                DMA2_Stream6_IRQHandler
                0x08000a94                DMA1_Stream3_IRQHandler
 *fill*         0x08000a96        0x2 
 .text.HAL_InitTick
                0x08000a98       0x4c CMakeFiles/test_project.elf.dir/Drivers/STM32F4xx_HAL_Driver/Src/stm32f4xx_hal.c.obj
                0x08000a98                HAL_InitTick
 .text.HAL_Init
                0x08000ae4       0x34 CMakeFiles/test_project.elf.dir/Drivers/STM32F4xx_HAL_Driver/Src/stm32f4xx_hal.c.obj
                0x08000ae4                HAL_Init
 .text.HAL_IncTick
                0x08000b18       0x18 CMakeFiles/test_project.elf.dir/Drivers/STM32F4xx_HAL_Driver/Src/stm32f4xx_hal.c.obj
                0x08000b18                HAL_IncTick
 .text.HAL_GetTick
                0x08000b30        0xc CMakeFiles/test_project.elf.dir/Drivers/STM32F4xx_HAL_Driver/Src/stm32f4xx_hal.c.obj
                0x08000b30                HAL_GetTick
 .text.HAL_Delay
                0x08000b3c       0x28 CMakeFiles/test_project.elf.dir/Drivers/STM32F4xx_HAL_Driver/Src/stm32f4xx_hal.c.obj
                0x08000b3c                HAL_Delay
 .text.HAL_CAN_Init
                0x08000b64      0x14c CMakeFiles/test_project.elf.dir/Drivers/STM32F4xx_HAL_Driver/Src/stm32f4xx_hal_can.c.obj
                0x08000b64                HAL_CAN_Init
 .text.HAL_CAN_ConfigFilter
                0x08000cb0      0x138 CMakeFiles/test_project.elf.dir/Drivers/STM32F4xx_HAL_Driver/Src/stm32f4xx_hal_can.c.obj
                0x08000cb0                HAL_CAN_ConfigFilter
 .text.HAL_CAN_Start
                0x08000de8       0x5c CMakeFiles/test_project.elf.dir/Drivers/STM32F4xx_HAL_Driver/Src/stm32f4xx_hal_can.c.obj
                0x08000de8                HAL_CAN_Start
 .text.HAL_CAN_AddTxMessage
                0x08000e44       0xea CMakeFiles/test_project.elf.dir/Drivers/STM32F4xx_HAL_Driver/Src/stm32f4xx_hal_can.c.obj
                0x08000e44                HAL_CAN_AddTxMessage
 .text.HAL_CAN_ActivateNotification
                0x08000f2e       0x24 CMakeFiles/test_project.elf.dir/Drivers/STM32F4xx_HAL_Driver/Src/stm32f4xx_hal_can.c.obj
                0x08000f2e                HAL_CAN_ActivateNotification
 .text.HAL_CAN_TxMailbox0CompleteCallback
                0x08000f52        0x2 CMakeFiles/test_project.elf.dir/Drivers/STM32F4xx_HAL_Driver/Src/stm32f4xx_hal_can.c.obj
                0x08000f52                HAL_CAN_TxMailbox0CompleteCallback
 .text.HAL_CAN_TxMailbox1CompleteCallback
                0x08000f54        0x2 CMakeFiles/test_project.elf.dir/Drivers/STM32F4xx_HAL_Driver/Src/stm32f4xx_hal_can.c.obj
                0x08000f54                HAL_CAN_TxMailbox1CompleteCallback
 .text.HAL_CAN_TxMailbox2CompleteCallback
                0x08000f56        0x2 CMakeFiles/test_project.elf.dir/Drivers/STM32F4xx_HAL_Driver/Src/stm32f4xx_hal_can.c.obj
                0x08000f56                HAL_CAN_TxMailbox2CompleteCallback
 .text.HAL_CAN_TxMailbox0AbortCallback
                0x08000f58        0x2 CMakeFiles/test_project.elf.dir/Drivers/STM32F4xx_HAL_Driver/Src/stm32f4xx_hal_can.c.obj
                0x08000f58                HAL_CAN_TxMailbox0AbortCallback
 .text.HAL_CAN_TxMailbox1AbortCallback
                0x08000f5a        0x2 CMakeFiles/test_project.elf.dir/Drivers/STM32F4xx_HAL_Driver/Src/stm32f4xx_hal_can.c.obj
                0x08000f5a                HAL_CAN_TxMailbox1AbortCallback
 .text.HAL_CAN_TxMailbox2AbortCallback
                0x08000f5c        0x2 CMakeFiles/test_project.elf.dir/Drivers/STM32F4xx_HAL_Driver/Src/stm32f4xx_hal_can.c.obj
                0x08000f5c                HAL_CAN_TxMailbox2AbortCallback
 .text.HAL_CAN_RxFifo0MsgPendingCallback
                0x08000f5e        0x2 CMakeFiles/test_project.elf.dir/Drivers/STM32F4xx_HAL_Driver/Src/stm32f4xx_hal_can.c.obj
                0x08000f5e                HAL_CAN_RxFifo0MsgPendingCallback
 .text.HAL_CAN_RxFifo0FullCallback
                0x08000f60        0x2 CMakeFiles/test_project.elf.dir/Drivers/STM32F4xx_HAL_Driver/Src/stm32f4xx_hal_can.c.obj
                0x08000f60                HAL_CAN_RxFifo0FullCallback
 .text.HAL_CAN_RxFifo1MsgPendingCallback
                0x08000f62        0x2 CMakeFiles/test_project.elf.dir/Drivers/STM32F4xx_HAL_Driver/Src/stm32f4xx_hal_can.c.obj
                0x08000f62                HAL_CAN_RxFifo1MsgPendingCallback
 .text.HAL_CAN_RxFifo1FullCallback
                0x08000f64        0x2 CMakeFiles/test_project.elf.dir/Drivers/STM32F4xx_HAL_Driver/Src/stm32f4xx_hal_can.c.obj
                0x08000f64                HAL_CAN_RxFifo1FullCallback
 .text.HAL_CAN_SleepCallback
                0x08000f66        0x2 CMakeFiles/test_project.elf.dir/Drivers/STM32F4xx_HAL_Driver/Src/stm32f4xx_hal_can.c.obj
                0x08000f66                HAL_CAN_SleepCallback
 .text.HAL_CAN_WakeUpFromRxMsgCallback
                0x08000f68        0x2 CMakeFiles/test_project.elf.dir/Drivers/STM32F4xx_HAL_Driver/Src/stm32f4xx_hal_can.c.obj
                0x08000f68                HAL_CAN_WakeUpFromRxMsgCallback
 .text.HAL_CAN_ErrorCallback
                0x08000f6a        0x2 CMakeFiles/test_project.elf.dir/Drivers/STM32F4xx_HAL_Driver/Src/stm32f4xx_hal_can.c.obj
                0x08000f6a                HAL_CAN_ErrorCallback
 .text.HAL_CAN_IRQHandler
                0x08000f6c      0x250 CMakeFiles/test_project.elf.dir/Drivers/STM32F4xx_HAL_Driver/Src/stm32f4xx_hal_can.c.obj
                0x08000f6c                HAL_CAN_IRQHandler
 .text.__NVIC_EnableIRQ
                0x080011bc       0x1c CMakeFiles/test_project.elf.dir/Drivers/STM32F4xx_HAL_Driver/Src/stm32f4xx_hal_cortex.c.obj
 .text.__NVIC_SetPriority
                0x080011d8       0x28 CMakeFiles/test_project.elf.dir/Drivers/STM32F4xx_HAL_Driver/Src/stm32f4xx_hal_cortex.c.obj
 .text.NVIC_EncodePriority
                0x08001200       0x3e CMakeFiles/test_project.elf.dir/Drivers/STM32F4xx_HAL_Driver/Src/stm32f4xx_hal_cortex.c.obj
 *fill*         0x0800123e        0x2 
 .text.HAL_NVIC_SetPriorityGrouping
                0x08001240       0x24 CMakeFiles/test_project.elf.dir/Drivers/STM32F4xx_HAL_Driver/Src/stm32f4xx_hal_cortex.c.obj
                0x08001240                HAL_NVIC_SetPriorityGrouping
 .text.HAL_NVIC_SetPriority
                0x08001264       0x20 CMakeFiles/test_project.elf.dir/Drivers/STM32F4xx_HAL_Driver/Src/stm32f4xx_hal_cortex.c.obj
                0x08001264                HAL_NVIC_SetPriority
 .text.HAL_NVIC_EnableIRQ
                0x08001284        0x8 CMakeFiles/test_project.elf.dir/Drivers/STM32F4xx_HAL_Driver/Src/stm32f4xx_hal_cortex.c.obj
                0x08001284                HAL_NVIC_EnableIRQ
 .text.HAL_SYSTICK_Config
                0x0800128c       0x28 CMakeFiles/test_project.elf.dir/Drivers/STM32F4xx_HAL_Driver/Src/stm32f4xx_hal_cortex.c.obj
                0x0800128c                HAL_SYSTICK_Config
 .text.HAL_GPIO_Init
                0x080012b4      0x1ec CMakeFiles/test_project.elf.dir/Drivers/STM32F4xx_HAL_Driver/Src/stm32f4xx_hal_gpio.c.obj
                0x080012b4                HAL_GPIO_Init
 .text.HAL_GPIO_WritePin
                0x080014a0        0xc CMakeFiles/test_project.elf.dir/Drivers/STM32F4xx_HAL_Driver/Src/stm32f4xx_hal_gpio.c.obj
                0x080014a0                HAL_GPIO_WritePin
 .text.HAL_RCC_OscConfig
                0x080014ac      0x3f8 CMakeFiles/test_project.elf.dir/Drivers/STM32F4xx_HAL_Driver/Src/stm32f4xx_hal_rcc.c.obj
                0x080014ac                HAL_RCC_OscConfig
 .text.HAL_RCC_GetSysClockFreq
                0x080018a4       0xdc CMakeFiles/test_project.elf.dir/Drivers/STM32F4xx_HAL_Driver/Src/stm32f4xx_hal_rcc.c.obj
                0x080018a4                HAL_RCC_GetSysClockFreq
 .text.HAL_RCC_ClockConfig
                0x08001980      0x160 CMakeFiles/test_project.elf.dir/Drivers/STM32F4xx_HAL_Driver/Src/stm32f4xx_hal_rcc.c.obj
                0x08001980                HAL_RCC_ClockConfig
 .text.HAL_RCC_GetHCLKFreq
                0x08001ae0        0xc CMakeFiles/test_project.elf.dir/Drivers/STM32F4xx_HAL_Driver/Src/stm32f4xx_hal_rcc.c.obj
                0x08001ae0                HAL_RCC_GetHCLKFreq
 .text.HAL_RCC_GetPCLK1Freq
                0x08001aec       0x20 CMakeFiles/test_project.elf.dir/Drivers/STM32F4xx_HAL_Driver/Src/stm32f4xx_hal_rcc.c.obj
                0x08001aec                HAL_RCC_GetPCLK1Freq
 .text.HAL_RCC_GetPCLK2Freq
                0x08001b0c       0x20 CMakeFiles/test_project.elf.dir/Drivers/STM32F4xx_HAL_Driver/Src/stm32f4xx_hal_rcc.c.obj
                0x08001b0c                HAL_RCC_GetPCLK2Freq
 .text.TIM_OC1_SetConfig
                0x08001b2c       0x70 CMakeFiles/test_project.elf.dir/Drivers/STM32F4xx_HAL_Driver/Src/stm32f4xx_hal_tim.c.obj
 .text.TIM_OC3_SetConfig
                0x08001b9c       0x70 CMakeFiles/test_project.elf.dir/Drivers/STM32F4xx_HAL_Driver/Src/stm32f4xx_hal_tim.c.obj
 .text.TIM_OC4_SetConfig
                0x08001c0c       0x50 CMakeFiles/test_project.elf.dir/Drivers/STM32F4xx_HAL_Driver/Src/stm32f4xx_hal_tim.c.obj
 .text.TIM_TI1_ConfigInputStage
                0x08001c5c       0x26 CMakeFiles/test_project.elf.dir/Drivers/STM32F4xx_HAL_Driver/Src/stm32f4xx_hal_tim.c.obj
 .text.TIM_TI2_ConfigInputStage
                0x08001c82       0x28 CMakeFiles/test_project.elf.dir/Drivers/STM32F4xx_HAL_Driver/Src/stm32f4xx_hal_tim.c.obj
 .text.TIM_ITRx_SetConfig
                0x08001caa       0x10 CMakeFiles/test_project.elf.dir/Drivers/STM32F4xx_HAL_Driver/Src/stm32f4xx_hal_tim.c.obj
 *fill*         0x08001cba        0x2 
 .text.TIM_Base_SetConfig
                0x08001cbc       0xd8 CMakeFiles/test_project.elf.dir/Drivers/STM32F4xx_HAL_Driver/Src/stm32f4xx_hal_tim.c.obj
                0x08001cbc                TIM_Base_SetConfig
 .text.HAL_TIM_Base_Init
                0x08001d94       0x58 CMakeFiles/test_project.elf.dir/Drivers/STM32F4xx_HAL_Driver/Src/stm32f4xx_hal_tim.c.obj
                0x08001d94                HAL_TIM_Base_Init
 .text.HAL_TIM_PWM_Init
                0x08001dec       0x58 CMakeFiles/test_project.elf.dir/Drivers/STM32F4xx_HAL_Driver/Src/stm32f4xx_hal_tim.c.obj
                0x08001dec                HAL_TIM_PWM_Init
 .text.TIM_OC2_SetConfig
                0x08001e44       0x70 CMakeFiles/test_project.elf.dir/Drivers/STM32F4xx_HAL_Driver/Src/stm32f4xx_hal_tim.c.obj
                0x08001e44                TIM_OC2_SetConfig
 .text.HAL_TIM_PWM_ConfigChannel
                0x08001eb4       0xdc CMakeFiles/test_project.elf.dir/Drivers/STM32F4xx_HAL_Driver/Src/stm32f4xx_hal_tim.c.obj
                0x08001eb4                HAL_TIM_PWM_ConfigChannel
 .text.TIM_ETR_SetConfig
                0x08001f90       0x1a CMakeFiles/test_project.elf.dir/Drivers/STM32F4xx_HAL_Driver/Src/stm32f4xx_hal_tim.c.obj
                0x08001f90                TIM_ETR_SetConfig
 .text.HAL_TIM_ConfigClockSource
                0x08001faa       0xfe CMakeFiles/test_project.elf.dir/Drivers/STM32F4xx_HAL_Driver/Src/stm32f4xx_hal_tim.c.obj
                0x08001faa                HAL_TIM_ConfigClockSource
 .text.TIM_CCxChannelCmd
                0x080020a8       0x1e CMakeFiles/test_project.elf.dir/Drivers/STM32F4xx_HAL_Driver/Src/stm32f4xx_hal_tim.c.obj
                0x080020a8                TIM_CCxChannelCmd
 *fill*         0x080020c6        0x2 
 .text.HAL_TIM_PWM_Start
                0x080020c8      0x104 CMakeFiles/test_project.elf.dir/Drivers/STM32F4xx_HAL_Driver/Src/stm32f4xx_hal_tim.c.obj
                0x080020c8                HAL_TIM_PWM_Start
 .text.HAL_TIMEx_MasterConfigSynchronization
                0x080021cc       0x8c CMakeFiles/test_project.elf.dir/Drivers/STM32F4xx_HAL_Driver/Src/stm32f4xx_hal_tim_ex.c.obj
                0x080021cc                HAL_TIMEx_MasterConfigSynchronization
 .text.UART_SetConfig
                0x08002258      0x110 CMakeFiles/test_project.elf.dir/Drivers/STM32F4xx_HAL_Driver/Src/stm32f4xx_hal_uart.c.obj
 .text.HAL_UART_Init
                0x08002368       0x60 CMakeFiles/test_project.elf.dir/Drivers/STM32F4xx_HAL_Driver/Src/stm32f4xx_hal_uart.c.obj
                0x08002368                HAL_UART_Init
 .text.__udivmoddi4
                0x080023c8      0x2bc E:/Arm_GNU_ToolChain/13.2 Rel1/bin/../lib/gcc/arm-none-eabi/13.2.1/thumb/v7e-m+fp/hard\libgcc.a(_udivmoddi4.o)
                0x080023c8                __udivmoddi4
 .text.memset   0x08002684       0xa4 E:/Arm_GNU_ToolChain/13.2 Rel1/bin/../lib/gcc/arm-none-eabi/13.2.1/thumb/v7e-m+fp/hard\libg.a(libc_a-memset.o)
                0x08002684                memset
 .text.__libc_init_array
                0x08002728       0x50 E:/Arm_GNU_ToolChain/13.2 Rel1/bin/../lib/gcc/arm-none-eabi/13.2.1/thumb/v7e-m+fp/hard\libg.a(libc_a-init.o)
                0x08002728                __libc_init_array
 .text.__retarget_lock_acquire_recursive
                0x08002778        0x4 E:/Arm_GNU_ToolChain/13.2 Rel1/bin/../lib/gcc/arm-none-eabi/13.2.1/thumb/v7e-m+fp/hard\libg.a(libc_a-lock.o)
                0x08002778                __retarget_lock_acquire_recursive
 .text.__retarget_lock_release_recursive
                0x0800277c        0x4 E:/Arm_GNU_ToolChain/13.2 Rel1/bin/../lib/gcc/arm-none-eabi/13.2.1/thumb/v7e-m+fp/hard\libg.a(libc_a-lock.o)
                0x0800277c                __retarget_lock_release_recursive
 .text.startup.register_fini
                0x08002780       0x14 E:/Arm_GNU_ToolChain/13.2 Rel1/bin/../lib/gcc/arm-none-eabi/13.2.1/thumb/v7e-m+fp/hard\libg.a(libc_a-__call_atexit.o)
 .text.atexit   0x08002794        0xc E:/Arm_GNU_ToolChain/13.2 Rel1/bin/../lib/gcc/arm-none-eabi/13.2.1/thumb/v7e-m+fp/hard\libg.a(libc_a-atexit.o)
                0x08002794                atexit
 .text.__libc_fini_array
                0x080027a0       0x28 E:/Arm_GNU_ToolChain/13.2 Rel1/bin/../lib/gcc/arm-none-eabi/13.2.1/thumb/v7e-m+fp/hard\libg.a(libc_a-fini.o)
                0x080027a0                __libc_fini_array
 .text.__register_exitproc
                0x080027c8       0x80 E:/Arm_GNU_ToolChain/13.2 Rel1/bin/../lib/gcc/arm-none-eabi/13.2.1/thumb/v7e-m+fp/hard\libg.a(libc_a-__atexit.o)
                0x080027c8                __register_exitproc
 *(.glue_7)
 .glue_7        0x08002848        0x0 linker stubs
 *(.glue_7t)
 .glue_7t       0x08002848        0x0 linker stubs
 *(.eh_frame)
 .eh_frame      0x08002848        0x0 E:/Arm_GNU_ToolChain/13.2 Rel1/bin/../lib/gcc/arm-none-eabi/13.2.1/thumb/v7e-m+fp/hard/crtbegin.o
 *(.init)
 .init          0x08002848        0x4 E:/Arm_GNU_ToolChain/13.2 Rel1/bin/../lib/gcc/arm-none-eabi/13.2.1/thumb/v7e-m+fp/hard/crti.o
                0x08002848                _init
 .init          0x0800284c        0x8 E:/Arm_GNU_ToolChain/13.2 Rel1/bin/../lib/gcc/arm-none-eabi/13.2.1/thumb/v7e-m+fp/hard/crtn.o
 *(.fini)
 .fini          0x08002854        0x4 E:/Arm_GNU_ToolChain/13.2 Rel1/bin/../lib/gcc/arm-none-eabi/13.2.1/thumb/v7e-m+fp/hard/crti.o
                0x08002854                _fini
 .fini          0x08002858        0x8 E:/Arm_GNU_ToolChain/13.2 Rel1/bin/../lib/gcc/arm-none-eabi/13.2.1/thumb/v7e-m+fp/hard/crtn.o
                0x08002860                        . = ALIGN (0x4)
                0x08002860                        _etext = .

.vfp11_veneer   0x08002860        0x0
 .vfp11_veneer  0x08002860        0x0 linker stubs

.v4_bx          0x08002860        0x0
 .v4_bx         0x08002860        0x0 linker stubs

.iplt           0x08002860        0x0
 .iplt          0x08002860        0x0 E:/Arm_GNU_ToolChain/13.2 Rel1/bin/../lib/gcc/arm-none-eabi/13.2.1/thumb/v7e-m+fp/hard/crtbegin.o

.rodata         0x08002860       0x18
                0x08002860                        . = ALIGN (0x4)
 *(.rodata)
 *(.rodata*)
 .rodata.APBPrescTable
                0x08002860        0x8 CMakeFiles/test_project.elf.dir/Core/Src/system_stm32f4xx.c.obj
                0x08002860                APBPrescTable
 .rodata.AHBPrescTable
                0x08002868       0x10 CMakeFiles/test_project.elf.dir/Core/Src/system_stm32f4xx.c.obj
                0x08002868                AHBPrescTable
                0x08002878                        . = ALIGN (0x4)

.ARM.extab      0x08002878        0x0
                0x08002878                        . = ALIGN (0x4)
 *(.ARM.extab* .gnu.linkonce.armextab.*)
                0x08002878                        . = ALIGN (0x4)

.ARM            0x08002878        0x8
                0x08002878                        . = ALIGN (0x4)
                0x08002878                        __exidx_start = .
 *(.ARM.exidx*)
 .ARM.exidx.text.__udivmoddi4
                0x08002878        0x8 E:/Arm_GNU_ToolChain/13.2 Rel1/bin/../lib/gcc/arm-none-eabi/13.2.1/thumb/v7e-m+fp/hard\libgcc.a(_udivmoddi4.o)
                0x08002880                        __exidx_end = .
                0x08002880                        . = ALIGN (0x4)

.preinit_array  0x08002880        0x0
                0x08002880                        . = ALIGN (0x4)
                0x08002880                        PROVIDE (__preinit_array_start = .)
 *(.preinit_array*)
                0x08002880                        PROVIDE (__preinit_array_end = .)
                0x08002880                        . = ALIGN (0x4)

.init_array     0x08002880        0x8
                0x08002880                        . = ALIGN (0x4)
                0x08002880                        PROVIDE (__init_array_start = .)
 *(SORT_BY_NAME(.init_array.*))
 .init_array.00000
                0x08002880        0x4 E:/Arm_GNU_ToolChain/13.2 Rel1/bin/../lib/gcc/arm-none-eabi/13.2.1/thumb/v7e-m+fp/hard\libg.a(libc_a-__call_atexit.o)
 *(.init_array*)
 .init_array    0x08002884        0x4 E:/Arm_GNU_ToolChain/13.2 Rel1/bin/../lib/gcc/arm-none-eabi/13.2.1/thumb/v7e-m+fp/hard/crtbegin.o
                0x08002888                        PROVIDE (__init_array_end = .)
                0x08002888                        . = ALIGN (0x4)

.fini_array     0x08002888        0x4
                0x08002888                        . = ALIGN (0x4)
                0x08002888                        PROVIDE (__fini_array_start = .)
 *(SORT_BY_NAME(.fini_array.*))
 *(.fini_array*)
 .fini_array    0x08002888        0x4 E:/Arm_GNU_ToolChain/13.2 Rel1/bin/../lib/gcc/arm-none-eabi/13.2.1/thumb/v7e-m+fp/hard/crtbegin.o
                0x0800288c                        PROVIDE (__fini_array_end = .)
                0x0800288c                        . = ALIGN (0x4)
                0x0800288c                        _sidata = LOADADDR (.data)

.rel.dyn        0x0800288c        0x0
 .rel.iplt      0x0800288c        0x0 E:/Arm_GNU_ToolChain/13.2 Rel1/bin/../lib/gcc/arm-none-eabi/13.2.1/thumb/v7e-m+fp/hard/crtbegin.o

.data           0x20000000       0x10 load address 0x0800288c
                0x20000000                        . = ALIGN (0x4)
                0x20000000                        _sdata = .
 *(.data)
 *(.data*)
 .data.SystemCoreClock
                0x20000000        0x4 CMakeFiles/test_project.elf.dir/Core/Src/system_stm32f4xx.c.obj
                0x20000000                SystemCoreClock
 .data.uwTickFreq
                0x20000004        0x1 CMakeFiles/test_project.elf.dir/Drivers/STM32F4xx_HAL_Driver/Src/stm32f4xx_hal.c.obj
                0x20000004                uwTickFreq
 *fill*         0x20000005        0x3 
 .data.uwTickPrio
                0x20000008        0x4 CMakeFiles/test_project.elf.dir/Drivers/STM32F4xx_HAL_Driver/Src/stm32f4xx_hal.c.obj
                0x20000008                uwTickPrio
 .data.__atexit_recursive_mutex
                0x2000000c        0x4 E:/Arm_GNU_ToolChain/13.2 Rel1/bin/../lib/gcc/arm-none-eabi/13.2.1/thumb/v7e-m+fp/hard\libg.a(libc_a-__call_atexit.o)
                0x2000000c                __atexit_recursive_mutex
 *(.RamFunc)
 *(.RamFunc*)
                0x20000010                        . = ALIGN (0x4)
                0x20000010                        _edata = .
                0x0800289c                        _siccmram = LOADADDR (.ccmram)

.tm_clone_table
                0x20000010        0x0 load address 0x0800289c
 .tm_clone_table
                0x20000010        0x0 E:/Arm_GNU_ToolChain/13.2 Rel1/bin/../lib/gcc/arm-none-eabi/13.2.1/thumb/v7e-m+fp/hard/crtbegin.o
 .tm_clone_table
                0x20000010        0x0 E:/Arm_GNU_ToolChain/13.2 Rel1/bin/../lib/gcc/arm-none-eabi/13.2.1/thumb/v7e-m+fp/hard/crtend.o

.igot.plt       0x20000010        0x0 load address 0x0800289c
 .igot.plt      0x20000010        0x0 E:/Arm_GNU_ToolChain/13.2 Rel1/bin/../lib/gcc/arm-none-eabi/13.2.1/thumb/v7e-m+fp/hard/crtbegin.o

.ccmram         0x10000000        0x0 load address 0x0800289c
                0x10000000                        . = ALIGN (0x4)
                0x10000000                        _sccmram = .
 *(.ccmram)
 *(.ccmram*)
                0x10000000                        . = ALIGN (0x4)
                0x10000000                        _eccmram = .
                0x10000000                        . = ALIGN (0x4)

.bss            0x20000010      0x354
                0x20000010                        _sbss = .
                0x20000010                        __bss_start__ = _sbss
 *(.bss)
 *(.bss*)
 .bss.completed.1
                0x20000010        0x1 E:/Arm_GNU_ToolChain/13.2 Rel1/bin/../lib/gcc/arm-none-eabi/13.2.1/thumb/v7e-m+fp/hard/crtbegin.o
 *fill*         0x20000011        0x3 
 .bss.object.0  0x20000014       0x18 E:/Arm_GNU_ToolChain/13.2 Rel1/bin/../lib/gcc/arm-none-eabi/13.2.1/thumb/v7e-m+fp/hard/crtbegin.o
 .bss.hcan2     0x2000002c       0x28 CMakeFiles/test_project.elf.dir/Core/Src/can.c.obj
                0x2000002c                hcan2
 .bss.instruction_packet.0
                0x20000054        0xa CMakeFiles/test_project.elf.dir/Core/Src/main.c.obj
 *fill*         0x2000005e        0x2 
 .bss.htim4     0x20000060       0x48 CMakeFiles/test_project.elf.dir/Core/Src/tim.c.obj
                0x20000060                htim4
 .bss.htim3     0x200000a8       0x48 CMakeFiles/test_project.elf.dir/Core/Src/tim.c.obj
                0x200000a8                htim3
 .bss.huart6    0x200000f0       0x48 CMakeFiles/test_project.elf.dir/Core/Src/usart.c.obj
                0x200000f0                huart6
 .bss.huart2    0x20000138       0x48 CMakeFiles/test_project.elf.dir/Core/Src/usart.c.obj
                0x20000138                huart2
 .bss.huart1    0x20000180       0x48 CMakeFiles/test_project.elf.dir/Core/Src/usart.c.obj
                0x20000180                huart1
 .bss.uwTick    0x200001c8        0x4 CMakeFiles/test_project.elf.dir/Drivers/STM32F4xx_HAL_Driver/Src/stm32f4xx_hal.c.obj
                0x200001c8                uwTick
 .bss.__lock___atexit_recursive_mutex
                0x200001cc        0x1 E:/Arm_GNU_ToolChain/13.2 Rel1/bin/../lib/gcc/arm-none-eabi/13.2.1/thumb/v7e-m+fp/hard\libg.a(libc_a-lock.o)
                0x200001cc                __lock___atexit_recursive_mutex
 *fill*         0x200001cd        0x3 
 .bss.__atexit  0x200001d0        0x4 E:/Arm_GNU_ToolChain/13.2 Rel1/bin/../lib/gcc/arm-none-eabi/13.2.1/thumb/v7e-m+fp/hard\libg.a(libc_a-__call_atexit.o)
                0x200001d0                __atexit
 .bss.__atexit0
                0x200001d4      0x190 E:/Arm_GNU_ToolChain/13.2 Rel1/bin/../lib/gcc/arm-none-eabi/13.2.1/thumb/v7e-m+fp/hard\libg.a(libc_a-__atexit.o)
                0x200001d4                __atexit0
 *(COMMON)
                0x20000364                        . = ALIGN (0x4)
                0x20000364                        _ebss = .
                0x20000364                        __bss_end__ = _ebss

._user_heap_stack
                0x20000364      0x604
                0x20000368                        . = ALIGN (0x8)
 *fill*         0x20000364        0x4 
                [!provide]                        PROVIDE (end = .)
                0x20000368                        PROVIDE (_end = .)
                0x20000568                        . = (. + _Min_Heap_Size)
 *fill*         0x20000368      0x200 
                0x20000968                        . = (. + _Min_Stack_Size)
 *fill*         0x20000568      0x400 
                0x20000968                        . = ALIGN (0x8)

/DISCARD/
 libc.a(*)
 libm.a(*)
 libgcc.a(*)

.ARM.attributes
                0x00000000       0x30
 *(.ARM.attributes)
 .ARM.attributes
                0x00000000       0x22 E:/Arm_GNU_ToolChain/13.2 Rel1/bin/../lib/gcc/arm-none-eabi/13.2.1/thumb/v7e-m+fp/hard/crti.o
 .ARM.attributes
                0x00000022       0x34 E:/Arm_GNU_ToolChain/13.2 Rel1/bin/../lib/gcc/arm-none-eabi/13.2.1/thumb/v7e-m+fp/hard/crtbegin.o
 .ARM.attributes
                0x00000056       0x34 CMakeFiles/test_project.elf.dir/Core/Src/can.c.obj
 .ARM.attributes
                0x0000008a       0x34 CMakeFiles/test_project.elf.dir/Core/Src/gpio.c.obj
 .ARM.attributes
                0x000000be       0x34 CMakeFiles/test_project.elf.dir/Core/Src/main.c.obj
 .ARM.attributes
                0x000000f2       0x34 CMakeFiles/test_project.elf.dir/Core/Src/stm32f4xx_hal_msp.c.obj
 .ARM.attributes
                0x00000126       0x34 CMakeFiles/test_project.elf.dir/Core/Src/stm32f4xx_it.c.obj
 .ARM.attributes
                0x0000015a       0x34 CMakeFiles/test_project.elf.dir/Core/Src/system_stm32f4xx.c.obj
 .ARM.attributes
                0x0000018e       0x34 CMakeFiles/test_project.elf.dir/Core/Src/tim.c.obj
 .ARM.attributes
                0x000001c2       0x34 CMakeFiles/test_project.elf.dir/Core/Src/usart.c.obj
 .ARM.attributes
                0x000001f6       0x21 CMakeFiles/test_project.elf.dir/Core/Startup/startup_stm32f407zgtx.s.obj
 .ARM.attributes
                0x00000217       0x34 CMakeFiles/test_project.elf.dir/Drivers/STM32F4xx_HAL_Driver/Src/stm32f4xx_hal.c.obj
 .ARM.attributes
                0x0000024b       0x34 CMakeFiles/test_project.elf.dir/Drivers/STM32F4xx_HAL_Driver/Src/stm32f4xx_hal_can.c.obj
 .ARM.attributes
                0x0000027f       0x34 CMakeFiles/test_project.elf.dir/Drivers/STM32F4xx_HAL_Driver/Src/stm32f4xx_hal_cortex.c.obj
 .ARM.attributes
                0x000002b3       0x34 CMakeFiles/test_project.elf.dir/Drivers/STM32F4xx_HAL_Driver/Src/stm32f4xx_hal_gpio.c.obj
 .ARM.attributes
                0x000002e7       0x34 CMakeFiles/test_project.elf.dir/Drivers/STM32F4xx_HAL_Driver/Src/stm32f4xx_hal_rcc.c.obj
 .ARM.attributes
                0x0000031b       0x34 CMakeFiles/test_project.elf.dir/Drivers/STM32F4xx_HAL_Driver/Src/stm32f4xx_hal_tim.c.obj
 .ARM.attributes
                0x0000034f       0x34 CMakeFiles/test_project.elf.dir/Drivers/STM32F4xx_HAL_Driver/Src/stm32f4xx_hal_tim_ex.c.obj
 .ARM.attributes
                0x00000383       0x34 CMakeFiles/test_project.elf.dir/Drivers/STM32F4xx_HAL_Driver/Src/stm32f4xx_hal_uart.c.obj
 .ARM.attributes
                0x000003b7       0x22 E:/Arm_GNU_ToolChain/13.2 Rel1/bin/../lib/gcc/arm-none-eabi/13.2.1/thumb/v7e-m+fp/hard\libgcc.a(_aeabi_uldivmod.o)
 .ARM.attributes
                0x000003d9       0x34 E:/Arm_GNU_ToolChain/13.2 Rel1/bin/../lib/gcc/arm-none-eabi/13.2.1/thumb/v7e-m+fp/hard\libgcc.a(_udivmoddi4.o)
 .ARM.attributes
                0x0000040d       0x22 E:/Arm_GNU_ToolChain/13.2 Rel1/bin/../lib/gcc/arm-none-eabi/13.2.1/thumb/v7e-m+fp/hard\libgcc.a(_dvmd_tls.o)
 .ARM.attributes
                0x0000042f       0x34 E:/Arm_GNU_ToolChain/13.2 Rel1/bin/../lib/gcc/arm-none-eabi/13.2.1/thumb/v7e-m+fp/hard\libg.a(libc_a-memset.o)
 .ARM.attributes
                0x00000463       0x34 E:/Arm_GNU_ToolChain/13.2 Rel1/bin/../lib/gcc/arm-none-eabi/13.2.1/thumb/v7e-m+fp/hard\libg.a(libc_a-init.o)
 .ARM.attributes
                0x00000497       0x34 E:/Arm_GNU_ToolChain/13.2 Rel1/bin/../lib/gcc/arm-none-eabi/13.2.1/thumb/v7e-m+fp/hard\libg.a(libc_a-lock.o)
 .ARM.attributes
                0x000004cb       0x34 E:/Arm_GNU_ToolChain/13.2 Rel1/bin/../lib/gcc/arm-none-eabi/13.2.1/thumb/v7e-m+fp/hard\libg.a(libc_a-__call_atexit.o)
 .ARM.attributes
                0x000004ff       0x34 E:/Arm_GNU_ToolChain/13.2 Rel1/bin/../lib/gcc/arm-none-eabi/13.2.1/thumb/v7e-m+fp/hard\libg.a(libc_a-atexit.o)
 .ARM.attributes
                0x00000533       0x34 E:/Arm_GNU_ToolChain/13.2 Rel1/bin/../lib/gcc/arm-none-eabi/13.2.1/thumb/v7e-m+fp/hard\libg.a(libc_a-fini.o)
 .ARM.attributes
                0x00000567       0x34 E:/Arm_GNU_ToolChain/13.2 Rel1/bin/../lib/gcc/arm-none-eabi/13.2.1/thumb/v7e-m+fp/hard\libg.a(libc_a-__atexit.o)
 .ARM.attributes
                0x0000059b       0x34 E:/Arm_GNU_ToolChain/13.2 Rel1/bin/../lib/gcc/arm-none-eabi/13.2.1/thumb/v7e-m+fp/hard/crtend.o
 .ARM.attributes
                0x000005cf       0x22 E:/Arm_GNU_ToolChain/13.2 Rel1/bin/../lib/gcc/arm-none-eabi/13.2.1/thumb/v7e-m+fp/hard/crtn.o
OUTPUT(test_project.elf elf32-littlearm)
LOAD linker stubs
LOAD E:/Arm_GNU_ToolChain/13.2 Rel1/bin/../lib/gcc/arm-none-eabi/13.2.1/thumb/v7e-m+fp/hard\libc.a
LOAD E:/Arm_GNU_ToolChain/13.2 Rel1/bin/../lib/gcc/arm-none-eabi/13.2.1/thumb/v7e-m+fp/hard\libm.a
LOAD E:/Arm_GNU_ToolChain/13.2 Rel1/bin/../lib/gcc/arm-none-eabi/13.2.1/thumb/v7e-m+fp/hard\libgcc.a

.debug_info     0x00000000    0x11e79
 .debug_info    0x00000000      0xed8 CMakeFiles/test_project.elf.dir/Core/Src/can.c.obj
 .debug_info    0x00000ed8      0x45b CMakeFiles/test_project.elf.dir/Core/Src/gpio.c.obj
 .debug_info    0x00001333     0x10c0 CMakeFiles/test_project.elf.dir/Core/Src/main.c.obj
 .debug_info    0x000023f3      0x265 CMakeFiles/test_project.elf.dir/Core/Src/stm32f4xx_hal_msp.c.obj
 .debug_info    0x00002658      0x55c CMakeFiles/test_project.elf.dir/Core/Src/stm32f4xx_it.c.obj
 .debug_info    0x00002bb4      0x527 CMakeFiles/test_project.elf.dir/Core/Src/system_stm32f4xx.c.obj
 .debug_info    0x000030db      0xe30 CMakeFiles/test_project.elf.dir/Core/Src/tim.c.obj
 .debug_info    0x00003f0b      0xaf1 CMakeFiles/test_project.elf.dir/Core/Src/usart.c.obj
 .debug_info    0x000049fc       0x30 CMakeFiles/test_project.elf.dir/Core/Startup/startup_stm32f407zgtx.s.obj
 .debug_info    0x00004a2c      0x9e2 CMakeFiles/test_project.elf.dir/Drivers/STM32F4xx_HAL_Driver/Src/stm32f4xx_hal.c.obj
 .debug_info    0x0000540e     0x11f7 CMakeFiles/test_project.elf.dir/Drivers/STM32F4xx_HAL_Driver/Src/stm32f4xx_hal_can.c.obj
 .debug_info    0x00006605      0xfc2 CMakeFiles/test_project.elf.dir/Drivers/STM32F4xx_HAL_Driver/Src/stm32f4xx_hal_cortex.c.obj
 .debug_info    0x000075c7      0x704 CMakeFiles/test_project.elf.dir/Drivers/STM32F4xx_HAL_Driver/Src/stm32f4xx_hal_gpio.c.obj
 .debug_info    0x00007ccb      0xa6f CMakeFiles/test_project.elf.dir/Drivers/STM32F4xx_HAL_Driver/Src/stm32f4xx_hal_rcc.c.obj
 .debug_info    0x0000873a     0x3c53 CMakeFiles/test_project.elf.dir/Drivers/STM32F4xx_HAL_Driver/Src/stm32f4xx_hal_tim.c.obj
 .debug_info    0x0000c38d     0x1aec CMakeFiles/test_project.elf.dir/Drivers/STM32F4xx_HAL_Driver/Src/stm32f4xx_hal_tim_ex.c.obj
 .debug_info    0x0000de79     0x4000 CMakeFiles/test_project.elf.dir/Drivers/STM32F4xx_HAL_Driver/Src/stm32f4xx_hal_uart.c.obj

.debug_abbrev   0x00000000     0x23a1
 .debug_abbrev  0x00000000      0x26e CMakeFiles/test_project.elf.dir/Core/Src/can.c.obj
 .debug_abbrev  0x0000026e      0x164 CMakeFiles/test_project.elf.dir/Core/Src/gpio.c.obj
 .debug_abbrev  0x000003d2      0x292 CMakeFiles/test_project.elf.dir/Core/Src/main.c.obj
 .debug_abbrev  0x00000664       0xd6 CMakeFiles/test_project.elf.dir/Core/Src/stm32f4xx_hal_msp.c.obj
 .debug_abbrev  0x0000073a      0x197 CMakeFiles/test_project.elf.dir/Core/Src/stm32f4xx_it.c.obj
 .debug_abbrev  0x000008d1      0x11e CMakeFiles/test_project.elf.dir/Core/Src/system_stm32f4xx.c.obj
 .debug_abbrev  0x000009ef      0x245 CMakeFiles/test_project.elf.dir/Core/Src/tim.c.obj
 .debug_abbrev  0x00000c34      0x21b CMakeFiles/test_project.elf.dir/Core/Src/usart.c.obj
 .debug_abbrev  0x00000e4f       0x24 CMakeFiles/test_project.elf.dir/Core/Startup/startup_stm32f407zgtx.s.obj
 .debug_abbrev  0x00000e73      0x240 CMakeFiles/test_project.elf.dir/Drivers/STM32F4xx_HAL_Driver/Src/stm32f4xx_hal.c.obj
 .debug_abbrev  0x000010b3      0x27b CMakeFiles/test_project.elf.dir/Drivers/STM32F4xx_HAL_Driver/Src/stm32f4xx_hal_can.c.obj
 .debug_abbrev  0x0000132e      0x39c CMakeFiles/test_project.elf.dir/Drivers/STM32F4xx_HAL_Driver/Src/stm32f4xx_hal_cortex.c.obj
 .debug_abbrev  0x000016ca      0x202 CMakeFiles/test_project.elf.dir/Drivers/STM32F4xx_HAL_Driver/Src/stm32f4xx_hal_gpio.c.obj
 .debug_abbrev  0x000018cc      0x2c6 CMakeFiles/test_project.elf.dir/Drivers/STM32F4xx_HAL_Driver/Src/stm32f4xx_hal_rcc.c.obj
 .debug_abbrev  0x00001b92      0x271 CMakeFiles/test_project.elf.dir/Drivers/STM32F4xx_HAL_Driver/Src/stm32f4xx_hal_tim.c.obj
 .debug_abbrev  0x00001e03      0x26f CMakeFiles/test_project.elf.dir/Drivers/STM32F4xx_HAL_Driver/Src/stm32f4xx_hal_tim_ex.c.obj
 .debug_abbrev  0x00002072      0x32f CMakeFiles/test_project.elf.dir/Drivers/STM32F4xx_HAL_Driver/Src/stm32f4xx_hal_uart.c.obj

.debug_loclists
                0x00000000     0x932c
 .debug_loclists
                0x00000000       0xf4 CMakeFiles/test_project.elf.dir/Core/Src/can.c.obj
 .debug_loclists
                0x000000f4       0xfa CMakeFiles/test_project.elf.dir/Core/Src/system_stm32f4xx.c.obj
 .debug_loclists
                0x000001ee       0x58 CMakeFiles/test_project.elf.dir/Core/Src/tim.c.obj
 .debug_loclists
                0x00000246       0xd7 CMakeFiles/test_project.elf.dir/Core/Src/usart.c.obj
 .debug_loclists
                0x0000031d       0xe1 CMakeFiles/test_project.elf.dir/Drivers/STM32F4xx_HAL_Driver/Src/stm32f4xx_hal.c.obj
 .debug_loclists
                0x000003fe      0xa57 CMakeFiles/test_project.elf.dir/Drivers/STM32F4xx_HAL_Driver/Src/stm32f4xx_hal_can.c.obj
 .debug_loclists
                0x00000e55      0x54d CMakeFiles/test_project.elf.dir/Drivers/STM32F4xx_HAL_Driver/Src/stm32f4xx_hal_cortex.c.obj
 .debug_loclists
                0x000013a2      0x386 CMakeFiles/test_project.elf.dir/Drivers/STM32F4xx_HAL_Driver/Src/stm32f4xx_hal_gpio.c.obj
 .debug_loclists
                0x00001728      0x3e5 CMakeFiles/test_project.elf.dir/Drivers/STM32F4xx_HAL_Driver/Src/stm32f4xx_hal_rcc.c.obj
 .debug_loclists
                0x00001b0d     0x37aa CMakeFiles/test_project.elf.dir/Drivers/STM32F4xx_HAL_Driver/Src/stm32f4xx_hal_tim.c.obj
 .debug_loclists
                0x000052b7     0x13ec CMakeFiles/test_project.elf.dir/Drivers/STM32F4xx_HAL_Driver/Src/stm32f4xx_hal_tim_ex.c.obj
 .debug_loclists
                0x000066a3     0x2c89 CMakeFiles/test_project.elf.dir/Drivers/STM32F4xx_HAL_Driver/Src/stm32f4xx_hal_uart.c.obj

.debug_aranges  0x00000000      0xd38
 .debug_aranges
                0x00000000       0x40 CMakeFiles/test_project.elf.dir/Core/Src/can.c.obj
 .debug_aranges
                0x00000040       0x20 CMakeFiles/test_project.elf.dir/Core/Src/gpio.c.obj
 .debug_aranges
                0x00000060       0x30 CMakeFiles/test_project.elf.dir/Core/Src/main.c.obj
 .debug_aranges
                0x00000090       0x20 CMakeFiles/test_project.elf.dir/Core/Src/stm32f4xx_hal_msp.c.obj
 .debug_aranges
                0x000000b0       0x78 CMakeFiles/test_project.elf.dir/Core/Src/stm32f4xx_it.c.obj
 .debug_aranges
                0x00000128       0x28 CMakeFiles/test_project.elf.dir/Core/Src/system_stm32f4xx.c.obj
 .debug_aranges
                0x00000150       0x50 CMakeFiles/test_project.elf.dir/Core/Src/tim.c.obj
 .debug_aranges
                0x000001a0       0x40 CMakeFiles/test_project.elf.dir/Core/Src/usart.c.obj
 .debug_aranges
                0x000001e0       0x28 CMakeFiles/test_project.elf.dir/Core/Startup/startup_stm32f407zgtx.s.obj
 .debug_aranges
                0x00000208       0xf0 CMakeFiles/test_project.elf.dir/Drivers/STM32F4xx_HAL_Driver/Src/stm32f4xx_hal.c.obj
 .debug_aranges
                0x000002f8      0x138 CMakeFiles/test_project.elf.dir/Drivers/STM32F4xx_HAL_Driver/Src/stm32f4xx_hal_can.c.obj
 .debug_aranges
                0x00000430       0xe8 CMakeFiles/test_project.elf.dir/Drivers/STM32F4xx_HAL_Driver/Src/stm32f4xx_hal_cortex.c.obj
 .debug_aranges
                0x00000518       0x58 CMakeFiles/test_project.elf.dir/Drivers/STM32F4xx_HAL_Driver/Src/stm32f4xx_hal_gpio.c.obj
 .debug_aranges
                0x00000570       0x88 CMakeFiles/test_project.elf.dir/Drivers/STM32F4xx_HAL_Driver/Src/stm32f4xx_hal_rcc.c.obj
 .debug_aranges
                0x000005f8      0x3d0 CMakeFiles/test_project.elf.dir/Drivers/STM32F4xx_HAL_Driver/Src/stm32f4xx_hal_tim.c.obj
 .debug_aranges
                0x000009c8      0x168 CMakeFiles/test_project.elf.dir/Drivers/STM32F4xx_HAL_Driver/Src/stm32f4xx_hal_tim_ex.c.obj
 .debug_aranges
                0x00000b30      0x208 CMakeFiles/test_project.elf.dir/Drivers/STM32F4xx_HAL_Driver/Src/stm32f4xx_hal_uart.c.obj

.debug_rnglists
                0x00000000      0xa22
 .debug_rnglists
                0x00000000       0x2c CMakeFiles/test_project.elf.dir/Core/Src/can.c.obj
 .debug_rnglists
                0x0000002c       0x14 CMakeFiles/test_project.elf.dir/Core/Src/gpio.c.obj
 .debug_rnglists
                0x00000040       0x21 CMakeFiles/test_project.elf.dir/Core/Src/main.c.obj
 .debug_rnglists
                0x00000061       0x13 CMakeFiles/test_project.elf.dir/Core/Src/stm32f4xx_hal_msp.c.obj
 .debug_rnglists
                0x00000074       0x55 CMakeFiles/test_project.elf.dir/Core/Src/stm32f4xx_it.c.obj
 .debug_rnglists
                0x000000c9       0x1a CMakeFiles/test_project.elf.dir/Core/Src/system_stm32f4xx.c.obj
 .debug_rnglists
                0x000000e3       0x3a CMakeFiles/test_project.elf.dir/Core/Src/tim.c.obj
 .debug_rnglists
                0x0000011d       0x2c CMakeFiles/test_project.elf.dir/Core/Src/usart.c.obj
 .debug_rnglists
                0x00000149       0x19 CMakeFiles/test_project.elf.dir/Core/Startup/startup_stm32f407zgtx.s.obj
 .debug_rnglists
                0x00000162       0xaf CMakeFiles/test_project.elf.dir/Drivers/STM32F4xx_HAL_Driver/Src/stm32f4xx_hal.c.obj
 .debug_rnglists
                0x00000211       0xf6 CMakeFiles/test_project.elf.dir/Drivers/STM32F4xx_HAL_Driver/Src/stm32f4xx_hal_can.c.obj
 .debug_rnglists
                0x00000307       0xa9 CMakeFiles/test_project.elf.dir/Drivers/STM32F4xx_HAL_Driver/Src/stm32f4xx_hal_cortex.c.obj
 .debug_rnglists
                0x000003b0       0x3f CMakeFiles/test_project.elf.dir/Drivers/STM32F4xx_HAL_Driver/Src/stm32f4xx_hal_gpio.c.obj
 .debug_rnglists
                0x000003ef       0x75 CMakeFiles/test_project.elf.dir/Drivers/STM32F4xx_HAL_Driver/Src/stm32f4xx_hal_rcc.c.obj
 .debug_rnglists
                0x00000464      0x302 CMakeFiles/test_project.elf.dir/Drivers/STM32F4xx_HAL_Driver/Src/stm32f4xx_hal_tim.c.obj
 .debug_rnglists
                0x00000766      0x11b CMakeFiles/test_project.elf.dir/Drivers/STM32F4xx_HAL_Driver/Src/stm32f4xx_hal_tim_ex.c.obj
 .debug_rnglists
                0x00000881      0x1a1 CMakeFiles/test_project.elf.dir/Drivers/STM32F4xx_HAL_Driver/Src/stm32f4xx_hal_uart.c.obj

.debug_line     0x00000000     0xe5be
 .debug_line    0x00000000      0x465 CMakeFiles/test_project.elf.dir/Core/Src/can.c.obj
 .debug_line    0x00000465      0x1f4 CMakeFiles/test_project.elf.dir/Core/Src/gpio.c.obj
 .debug_line    0x00000659      0x434 CMakeFiles/test_project.elf.dir/Core/Src/main.c.obj
 .debug_line    0x00000a8d      0x16f CMakeFiles/test_project.elf.dir/Core/Src/stm32f4xx_hal_msp.c.obj
 .debug_line    0x00000bfc      0x2da CMakeFiles/test_project.elf.dir/Core/Src/stm32f4xx_it.c.obj
 .debug_line    0x00000ed6      0x284 CMakeFiles/test_project.elf.dir/Core/Src/system_stm32f4xx.c.obj
 .debug_line    0x0000115a      0x511 CMakeFiles/test_project.elf.dir/Core/Src/tim.c.obj
 .debug_line    0x0000166b      0x494 CMakeFiles/test_project.elf.dir/Core/Src/usart.c.obj
 .debug_line    0x00001aff       0x7a CMakeFiles/test_project.elf.dir/Core/Startup/startup_stm32f407zgtx.s.obj
 .debug_line    0x00001b79      0x5bb CMakeFiles/test_project.elf.dir/Drivers/STM32F4xx_HAL_Driver/Src/stm32f4xx_hal.c.obj
 .debug_line    0x00002134     0x119f CMakeFiles/test_project.elf.dir/Drivers/STM32F4xx_HAL_Driver/Src/stm32f4xx_hal_can.c.obj
 .debug_line    0x000032d3      0x863 CMakeFiles/test_project.elf.dir/Drivers/STM32F4xx_HAL_Driver/Src/stm32f4xx_hal_cortex.c.obj
 .debug_line    0x00003b36      0x72b CMakeFiles/test_project.elf.dir/Drivers/STM32F4xx_HAL_Driver/Src/stm32f4xx_hal_gpio.c.obj
 .debug_line    0x00004261      0xbbb CMakeFiles/test_project.elf.dir/Drivers/STM32F4xx_HAL_Driver/Src/stm32f4xx_hal_rcc.c.obj
 .debug_line    0x00004e1c     0x47a4 CMakeFiles/test_project.elf.dir/Drivers/STM32F4xx_HAL_Driver/Src/stm32f4xx_hal_tim.c.obj
 .debug_line    0x000095c0     0x1aed CMakeFiles/test_project.elf.dir/Drivers/STM32F4xx_HAL_Driver/Src/stm32f4xx_hal_tim_ex.c.obj
 .debug_line    0x0000b0ad     0x3511 CMakeFiles/test_project.elf.dir/Drivers/STM32F4xx_HAL_Driver/Src/stm32f4xx_hal_uart.c.obj

.debug_str      0x00000000     0x4385
 .debug_str     0x00000000     0x4385 CMakeFiles/test_project.elf.dir/Core/Src/can.c.obj
                                0xd01 (size before relaxing)
 .debug_str     0x00004385      0x3ad CMakeFiles/test_project.elf.dir/Core/Src/gpio.c.obj
 .debug_str     0x00004385      0xce5 CMakeFiles/test_project.elf.dir/Core/Src/main.c.obj
 .debug_str     0x00004385      0x2ee CMakeFiles/test_project.elf.dir/Core/Src/stm32f4xx_hal_msp.c.obj
 .debug_str     0x00004385      0x550 CMakeFiles/test_project.elf.dir/Core/Src/stm32f4xx_it.c.obj
 .debug_str     0x00004385      0x3a8 CMakeFiles/test_project.elf.dir/Core/Src/system_stm32f4xx.c.obj
 .debug_str     0x00004385      0xb19 CMakeFiles/test_project.elf.dir/Core/Src/tim.c.obj
 .debug_str     0x00004385      0x89f CMakeFiles/test_project.elf.dir/Core/Src/usart.c.obj
 .debug_str     0x00004385       0x8f CMakeFiles/test_project.elf.dir/Core/Startup/startup_stm32f407zgtx.s.obj
 .debug_str     0x00004385      0xb97 CMakeFiles/test_project.elf.dir/Drivers/STM32F4xx_HAL_Driver/Src/stm32f4xx_hal.c.obj
 .debug_str     0x00004385      0xa68 CMakeFiles/test_project.elf.dir/Drivers/STM32F4xx_HAL_Driver/Src/stm32f4xx_hal_can.c.obj
 .debug_str     0x00004385      0xc76 CMakeFiles/test_project.elf.dir/Drivers/STM32F4xx_HAL_Driver/Src/stm32f4xx_hal_cortex.c.obj
 .debug_str     0x00004385      0x513 CMakeFiles/test_project.elf.dir/Drivers/STM32F4xx_HAL_Driver/Src/stm32f4xx_hal_gpio.c.obj
 .debug_str     0x00004385      0x739 CMakeFiles/test_project.elf.dir/Drivers/STM32F4xx_HAL_Driver/Src/stm32f4xx_hal_rcc.c.obj
 .debug_str     0x00004385     0x1732 CMakeFiles/test_project.elf.dir/Drivers/STM32F4xx_HAL_Driver/Src/stm32f4xx_hal_tim.c.obj
 .debug_str     0x00004385      0xf3e CMakeFiles/test_project.elf.dir/Drivers/STM32F4xx_HAL_Driver/Src/stm32f4xx_hal_tim_ex.c.obj
 .debug_str     0x00004385      0xdce CMakeFiles/test_project.elf.dir/Drivers/STM32F4xx_HAL_Driver/Src/stm32f4xx_hal_uart.c.obj

.comment        0x00000000       0x44
 .comment       0x00000000       0x44 CMakeFiles/test_project.elf.dir/Core/Src/can.c.obj
                                 0x45 (size before relaxing)
 .comment       0x00000044       0x45 CMakeFiles/test_project.elf.dir/Core/Src/gpio.c.obj
 .comment       0x00000044       0x45 CMakeFiles/test_project.elf.dir/Core/Src/main.c.obj
 .comment       0x00000044       0x45 CMakeFiles/test_project.elf.dir/Core/Src/stm32f4xx_hal_msp.c.obj
 .comment       0x00000044       0x45 CMakeFiles/test_project.elf.dir/Core/Src/stm32f4xx_it.c.obj
 .comment       0x00000044       0x45 CMakeFiles/test_project.elf.dir/Core/Src/system_stm32f4xx.c.obj
 .comment       0x00000044       0x45 CMakeFiles/test_project.elf.dir/Core/Src/tim.c.obj
 .comment       0x00000044       0x45 CMakeFiles/test_project.elf.dir/Core/Src/usart.c.obj
 .comment       0x00000044       0x45 CMakeFiles/test_project.elf.dir/Drivers/STM32F4xx_HAL_Driver/Src/stm32f4xx_hal.c.obj
 .comment       0x00000044       0x45 CMakeFiles/test_project.elf.dir/Drivers/STM32F4xx_HAL_Driver/Src/stm32f4xx_hal_can.c.obj
 .comment       0x00000044       0x45 CMakeFiles/test_project.elf.dir/Drivers/STM32F4xx_HAL_Driver/Src/stm32f4xx_hal_cortex.c.obj
 .comment       0x00000044       0x45 CMakeFiles/test_project.elf.dir/Drivers/STM32F4xx_HAL_Driver/Src/stm32f4xx_hal_gpio.c.obj
 .comment       0x00000044       0x45 CMakeFiles/test_project.elf.dir/Drivers/STM32F4xx_HAL_Driver/Src/stm32f4xx_hal_rcc.c.obj
 .comment       0x00000044       0x45 CMakeFiles/test_project.elf.dir/Drivers/STM32F4xx_HAL_Driver/Src/stm32f4xx_hal_tim.c.obj
 .comment       0x00000044       0x45 CMakeFiles/test_project.elf.dir/Drivers/STM32F4xx_HAL_Driver/Src/stm32f4xx_hal_tim_ex.c.obj
 .comment       0x00000044       0x45 CMakeFiles/test_project.elf.dir/Drivers/STM32F4xx_HAL_Driver/Src/stm32f4xx_hal_uart.c.obj

.debug_frame    0x00000000     0x2410
 .debug_frame   0x00000000       0xa0 CMakeFiles/test_project.elf.dir/Core/Src/can.c.obj
 .debug_frame   0x000000a0       0x30 CMakeFiles/test_project.elf.dir/Core/Src/gpio.c.obj
 .debug_frame   0x000000d0       0x5c CMakeFiles/test_project.elf.dir/Core/Src/main.c.obj
 .debug_frame   0x0000012c       0x28 CMakeFiles/test_project.elf.dir/Core/Src/stm32f4xx_hal_msp.c.obj
 .debug_frame   0x00000154       0xf0 CMakeFiles/test_project.elf.dir/Core/Src/stm32f4xx_it.c.obj
 .debug_frame   0x00000244       0x30 CMakeFiles/test_project.elf.dir/Core/Src/system_stm32f4xx.c.obj
 .debug_frame   0x00000274       0xc0 CMakeFiles/test_project.elf.dir/Core/Src/tim.c.obj
 .debug_frame   0x00000334       0x90 CMakeFiles/test_project.elf.dir/Core/Src/usart.c.obj
 .debug_frame   0x000003c4      0x1ec CMakeFiles/test_project.elf.dir/Drivers/STM32F4xx_HAL_Driver/Src/stm32f4xx_hal.c.obj
 .debug_frame   0x000005b0      0x2d8 CMakeFiles/test_project.elf.dir/Drivers/STM32F4xx_HAL_Driver/Src/stm32f4xx_hal_can.c.obj
 .debug_frame   0x00000888      0x1f4 CMakeFiles/test_project.elf.dir/Drivers/STM32F4xx_HAL_Driver/Src/stm32f4xx_hal_cortex.c.obj
 .debug_frame   0x00000a7c       0xd8 CMakeFiles/test_project.elf.dir/Drivers/STM32F4xx_HAL_Driver/Src/stm32f4xx_hal_gpio.c.obj
 .debug_frame   0x00000b54      0x16c CMakeFiles/test_project.elf.dir/Drivers/STM32F4xx_HAL_Driver/Src/stm32f4xx_hal_rcc.c.obj
 .debug_frame   0x00000cc0      0xb10 CMakeFiles/test_project.elf.dir/Drivers/STM32F4xx_HAL_Driver/Src/stm32f4xx_hal_tim.c.obj
 .debug_frame   0x000017d0      0x418 CMakeFiles/test_project.elf.dir/Drivers/STM32F4xx_HAL_Driver/Src/stm32f4xx_hal_tim_ex.c.obj
 .debug_frame   0x00001be8      0x5dc CMakeFiles/test_project.elf.dir/Drivers/STM32F4xx_HAL_Driver/Src/stm32f4xx_hal_uart.c.obj
 .debug_frame   0x000021c4       0x2c E:/Arm_GNU_ToolChain/13.2 Rel1/bin/../lib/gcc/arm-none-eabi/13.2.1/thumb/v7e-m+fp/hard\libgcc.a(_aeabi_uldivmod.o)
 .debug_frame   0x000021f0       0x34 E:/Arm_GNU_ToolChain/13.2 Rel1/bin/../lib/gcc/arm-none-eabi/13.2.1/thumb/v7e-m+fp/hard\libgcc.a(_udivmoddi4.o)
 .debug_frame   0x00002224       0x2c E:/Arm_GNU_ToolChain/13.2 Rel1/bin/../lib/gcc/arm-none-eabi/13.2.1/thumb/v7e-m+fp/hard\libg.a(libc_a-memset.o)
 .debug_frame   0x00002250       0x2c E:/Arm_GNU_ToolChain/13.2 Rel1/bin/../lib/gcc/arm-none-eabi/13.2.1/thumb/v7e-m+fp/hard\libg.a(libc_a-init.o)
 .debug_frame   0x0000227c       0xb0 E:/Arm_GNU_ToolChain/13.2 Rel1/bin/../lib/gcc/arm-none-eabi/13.2.1/thumb/v7e-m+fp/hard\libg.a(libc_a-lock.o)
 .debug_frame   0x0000232c       0x5c E:/Arm_GNU_ToolChain/13.2 Rel1/bin/../lib/gcc/arm-none-eabi/13.2.1/thumb/v7e-m+fp/hard\libg.a(libc_a-__call_atexit.o)
 .debug_frame   0x00002388       0x20 E:/Arm_GNU_ToolChain/13.2 Rel1/bin/../lib/gcc/arm-none-eabi/13.2.1/thumb/v7e-m+fp/hard\libg.a(libc_a-atexit.o)
 .debug_frame   0x000023a8       0x34 E:/Arm_GNU_ToolChain/13.2 Rel1/bin/../lib/gcc/arm-none-eabi/13.2.1/thumb/v7e-m+fp/hard\libg.a(libc_a-fini.o)
 .debug_frame   0x000023dc       0x34 E:/Arm_GNU_ToolChain/13.2 Rel1/bin/../lib/gcc/arm-none-eabi/13.2.1/thumb/v7e-m+fp/hard\libg.a(libc_a-__atexit.o)

.debug_line_str
                0x00000000      0x148
 .debug_line_str
                0x00000000      0x148 CMakeFiles/test_project.elf.dir/Core/Startup/startup_stm32f407zgtx.s.obj
                                 0x73 (size before relaxing)
 .debug_line_str
                0x00000148       0xc9 E:/Arm_GNU_ToolChain/13.2 Rel1/bin/../lib/gcc/arm-none-eabi/13.2.1/thumb/v7e-m+fp/hard\libgcc.a(_aeabi_uldivmod.o)
 .debug_line_str
                0x00000148       0xcd E:/Arm_GNU_ToolChain/13.2 Rel1/bin/../lib/gcc/arm-none-eabi/13.2.1/thumb/v7e-m+fp/hard\libgcc.a(_dvmd_tls.o)
